// Jest Snapshot v1, https://goo.gl/fbAQLP

exports[`Sidebar Public renders correctly 1`] = `
<div
  className="containerCollapsed"
  onMouseEnter={[Function]}
  onMouseLeave={[Function]}
>
  <div
    className="linksContainer"
  >
    <a
      aria-current="page"
      className="links active"
      href="/"
      onClick={[Function]}
      style={Object {}}
    >
      A
    </a>
    <a
      aria-current={null}
      className="links"
      data-testid="sideBar-apartments"
      href="/apartments"
      onClick={[Function]}
    >
      <img
        alt="apartments"
        src="apartments.svg"
      />
      
    </a>
    <a
      aria-current={null}
      className="links"
      data-testid="sideBar-occupants"
      href="/occupants"
      onClick={[Function]}
    >
      <img
        alt="occupants"
        src="occupants.svg"
      />
      
    </a>
    <a
      aria-current={null}
      className="links"
      data-testid="sideBar-change password"
      href="/changePassword"
      onClick={[Function]}
    >
      <img
        alt="change password"
        src="edit.svg"
      />
      
    </a>
    
    <a
      aria-current="page"
      className="links active"
      href="/"
      onClick={[Function]}
      style={Object {}}
    >
      <img
        alt="logout"
        src="logout.svg"
      />
      
    </a>
  </div>
</div>
`;
