// Jest Snapshot v1, https://goo.gl/fbAQLP

exports[`Main renders correctly 1`] = `
<section
  className="app"
>
  <div
    className="containerCollapsed"
    onMouseEnter={[Function]}
    onMouseLeave={[Function]}
  >
    <div
      className="linksContainer"
    >
      <a
        aria-current={null}
        className="links"
        href="/"
        onClick={[Function]}
      >
        A
      </a>
      <a
        aria-current="page"
        className="links active"
        data-testid="sideBar-apartments"
        href="/apartments"
        onClick={[Function]}
        style={Object {}}
      >
        <img
          alt="apartments"
          src="apartments.svg"
        />
        
      </a>
      <a
        aria-current={null}
        className="links"
        data-testid="sideBar-occupants"
        href="/occupants"
        onClick={[Function]}
      >
        <img
          alt="occupants"
          src="occupants.svg"
        />
        
      </a>
      <a
        aria-current={null}
        className="links"
        data-testid="sideBar-changepassword"
        href="/changePassword"
        onClick={[Function]}
      >
        <img
          alt="change password"
          src="edit.svg"
        />
        
      </a>
      
      <a
        aria-current="page"
        className="links active"
        href="/"
        onClick={[Function]}
        style={Object {}}
      >
        <img
          alt="logout"
          src="logout.svg"
        />
        
      </a>
    </div>
  </div>
  <div
    className="page"
    data-testid="apartments"
  >
    <div
      className="container"
    >
      <h1
        className="heading"
      >
        Apartments
      </h1>
      <div
        className="topBarContainer"
      >
        <input
          className="searchInput"
          data-testid="Apartment__searchBar"
          onChange={[Function]}
          placeholder="Search Apartment"
          type="text"
        />
        <div
          className="dateRangeContainer"
        >
          <div />
          <div
            className="DateRangePicker DateRangePicker_1"
          >
            <div>
              <div
                className="DateRangePickerInput DateRangePickerInput_1 DateRangePickerInput__showClearDates DateRangePickerInput__showClearDates_2"
              >
                <div
                  className="DateInput DateInput_1 DateInput__small DateInput__small_2"
                >
                  <input
                    aria-describedby="DateInput__screen-reader-message-startDateId"
                    aria-label="Start Date"
                    autoComplete="off"
                    className="DateInput_input DateInput_input_1 DateInput_input__small DateInput_input__small_2"
                    disabled={false}
                    id="startDateId"
                    name="startDateId"
                    onChange={[Function]}
                    onFocus={[Function]}
                    onKeyDown={[Function]}
                    placeholder="Start Date"
                    readOnly={false}
                    required={false}
                    type="text"
                    value=""
                  />
                  <p
                    className="DateInput_screenReaderMessage DateInput_screenReaderMessage_1"
                    id="DateInput__screen-reader-message-startDateId"
                  >
                    Navigate forward to interact with the calendar and select a date. Press the question mark key to get the keyboard shortcuts for changing dates.
                  </p>
                </div>
                <div
                  aria-hidden="true"
                  className="DateRangePickerInput_arrow DateRangePickerInput_arrow_1"
                  role="presentation"
                >
                  -
                </div>
                <div
                  className="DateInput DateInput_1 DateInput__small DateInput__small_2"
                >
                  <input
                    aria-describedby="DateInput__screen-reader-message-endDateId"
                    aria-label=" End Date"
                    autoComplete="off"
                    className="DateInput_input DateInput_input_1 DateInput_input__small DateInput_input__small_2"
                    disabled={false}
                    id="endDateId"
                    name="endDateId"
                    onChange={[Function]}
                    onFocus={[Function]}
                    onKeyDown={[Function]}
                    placeholder=" End Date"
                    readOnly={false}
                    required={false}
                    type="text"
                    value=""
                  />
                  <p
                    className="DateInput_screenReaderMessage DateInput_screenReaderMessage_1"
                    id="DateInput__screen-reader-message-endDateId"
                  >
                    Navigate backward to interact with the calendar and select a date. Press the question mark key to get the keyboard shortcuts for changing dates.
                  </p>
                </div>
                <button
                  aria-label="Clear Dates"
                  className="DateRangePickerInput_clearDates DateRangePickerInput_clearDates_1 DateRangePickerInput_clearDates__small DateRangePickerInput_clearDates__small_2 DateRangePickerInput_clearDates_default DateRangePickerInput_clearDates_default_3 DateRangePickerInput_clearDates__hide DateRangePickerInput_clearDates__hide_4"
                  disabled={false}
                  onClick={[Function]}
                  type="button"
                >
                  <svg
                    className="DateRangePickerInput_clearDates_svg DateRangePickerInput_clearDates_svg_1 DateRangePickerInput_clearDates_svg__small DateRangePickerInput_clearDates_svg__small_2"
                    focusable="false"
                    viewBox="0 0 12 12"
                  >
                    <path
                      d="M11.53.47a.75.75 0 0 0-1.061 0l-4.47 4.47L1.529.47A.75.75 0 1 0 .468 1.531l4.47 4.47-4.47 4.47a.75.75 0 1 0 1.061 1.061l4.47-4.47 4.47 4.47a.75.75 0 1 0 1.061-1.061l-4.47-4.47 4.47-4.47a.75.75 0 0 0 0-1.061z"
                      fillRule="evenodd"
                    />
                  </svg>
                </button>
              </div>
            </div>
          </div>
        </div>
      </div>
      <table
        className="table"
      >
        <thead
          className="tableHeader"
        >
          <tr>
            <th>
              Status
            </th>
            <th>
              Vacancy
            </th>
            <th>
              Apartment Name
            </th>
            <th>
              Lease Start
            </th>
            <th>
              Lease End
            </th>
            <th>
              Rental Per Month
            </th>
          </tr>
        </thead>
        <tbody />
      </table>
    </div>
  </div>
</section>
`;
